Archive member included to satisfy reference by file (symbol)

main/libapp_main.a(main.cpp.obj)
                              CMakeFiles/nucleo_f411_blink.elf.dir/startup/startup_stm32f411xe.s.obj (main)
components/platform/libplatform.a(system_stm32f4xx.cpp.obj)
                              CMakeFiles/nucleo_f411_blink.elf.dir/startup/startup_stm32f411xe.s.obj (SystemInit)
components/platform/libplatform.a(cxx_runtime.cpp.obj)
                              CMakeFiles/nucleo_f411_blink.elf.dir/startup/startup_stm32f411xe.s.obj (__libc_init_array)
components/application/libapplication.a(blink_use_case.cpp.obj)
                              main/libapp_main.a(main.cpp.obj) (application::BlinkUseCase::init())
components/infrastructure_gpio/libinfrastructure_gpio.a(gpio_led.cpp.obj)
                              components/application/libapplication.a(blink_use_case.cpp.obj) (infrastructure_gpio::GPIO_LED::init())

Discarded input sections

 .text          0x00000000        0x0 CMakeFiles/nucleo_f411_blink.elf.dir/startup/startup_stm32f411xe.s.obj
 .data          0x00000000        0x0 CMakeFiles/nucleo_f411_blink.elf.dir/startup/startup_stm32f411xe.s.obj
 .bss           0x00000000        0x0 CMakeFiles/nucleo_f411_blink.elf.dir/startup/startup_stm32f411xe.s.obj
 .text          0x00000000        0x0 main/libapp_main.a(main.cpp.obj)
 .data          0x00000000        0x0 main/libapp_main.a(main.cpp.obj)
 .bss           0x00000000        0x0 main/libapp_main.a(main.cpp.obj)
 .text          0x00000000        0x0 components/platform/libplatform.a(system_stm32f4xx.cpp.obj)
 .data          0x00000000        0x0 components/platform/libplatform.a(system_stm32f4xx.cpp.obj)
 .bss           0x00000000        0x0 components/platform/libplatform.a(system_stm32f4xx.cpp.obj)
 .text          0x00000000        0x0 components/platform/libplatform.a(cxx_runtime.cpp.obj)
 .data          0x00000000        0x0 components/platform/libplatform.a(cxx_runtime.cpp.obj)
 .bss           0x00000000        0x0 components/platform/libplatform.a(cxx_runtime.cpp.obj)
 .text.malloc   0x00000000       0x20 components/platform/libplatform.a(cxx_runtime.cpp.obj)
 .text.free     0x00000000        0x4 components/platform/libplatform.a(cxx_runtime.cpp.obj)
 .text._Znwj    0x00000000       0x20 components/platform/libplatform.a(cxx_runtime.cpp.obj)
 .text._ZdlPv   0x00000000        0x4 components/platform/libplatform.a(cxx_runtime.cpp.obj)
 .text._ZdlPvj  0x00000000        0x4 components/platform/libplatform.a(cxx_runtime.cpp.obj)
 .text._Znaj    0x00000000       0x20 components/platform/libplatform.a(cxx_runtime.cpp.obj)
 .text._ZdaPv   0x00000000        0x4 components/platform/libplatform.a(cxx_runtime.cpp.obj)
 .text._ZdaPvj  0x00000000        0x4 components/platform/libplatform.a(cxx_runtime.cpp.obj)
 .text.__cxa_pure_virtual
                0x00000000        0x4 components/platform/libplatform.a(cxx_runtime.cpp.obj)
 .bss._ZL8heap_pos
                0x00000000        0x4 components/platform/libplatform.a(cxx_runtime.cpp.obj)
 .bss._ZL4heap  0x00000000      0x400 components/platform/libplatform.a(cxx_runtime.cpp.obj)
 .text          0x00000000        0x0 components/application/libapplication.a(blink_use_case.cpp.obj)
 .data          0x00000000        0x0 components/application/libapplication.a(blink_use_case.cpp.obj)
 .bss           0x00000000        0x0 components/application/libapplication.a(blink_use_case.cpp.obj)
 .text._ZN11application12BlinkUseCase3runEv
                0x00000000        0xc components/application/libapplication.a(blink_use_case.cpp.obj)
 .text._ZN11application12BlinkUseCase12delay_cyclesEm
                0x00000000       0x1c components/application/libapplication.a(blink_use_case.cpp.obj)
 .text          0x00000000        0x0 components/infrastructure_gpio/libinfrastructure_gpio.a(gpio_led.cpp.obj)
 .data          0x00000000        0x0 components/infrastructure_gpio/libinfrastructure_gpio.a(gpio_led.cpp.obj)
 .bss           0x00000000        0x0 components/infrastructure_gpio/libinfrastructure_gpio.a(gpio_led.cpp.obj)
 .text._ZN19infrastructure_gpio8GPIO_LED6toggleEv
                0x00000000       0x10 components/infrastructure_gpio/libinfrastructure_gpio.a(gpio_led.cpp.obj)

Memory Configuration

Name             Origin             Length             Attributes
FLASH            0x08000000         0x00080000         xr
RAM              0x20000000         0x00020000         xrw
*default*        0x00000000         0xffffffff

Linker script and memory map

LOAD c:/program files (x86)/arm gnu toolchain arm-none-eabi/12.2 mpacbti-rel1/bin/../lib/gcc/arm-none-eabi/12.2.1/thumb/v7e-m/nofp\libsupc++.a
LOAD c:/program files (x86)/arm gnu toolchain arm-none-eabi/12.2 mpacbti-rel1/bin/../lib/gcc/arm-none-eabi/12.2.1/thumb/v7e-m/nofp\libgcc.a
LOAD CMakeFiles/nucleo_f411_blink.elf.dir/startup/startup_stm32f411xe.s.obj
LOAD main/libapp_main.a
LOAD components/platform/libplatform.a
LOAD components/application/libapplication.a
LOAD components/infrastructure_gpio/libinfrastructure_gpio.a

.text           0x08000000      0x35c
 *(.isr_vector)
 .isr_vector    0x08000000      0x198 CMakeFiles/nucleo_f411_blink.elf.dir/startup/startup_stm32f411xe.s.obj
                0x08000000                g_pfnVectors
 *(.text*)
 .text.Reset_Handler
                0x08000198       0x54 CMakeFiles/nucleo_f411_blink.elf.dir/startup/startup_stm32f411xe.s.obj
                0x08000198                Reset_Handler
 .text.Default_Handler
                0x080001ec        0x2 CMakeFiles/nucleo_f411_blink.elf.dir/startup/startup_stm32f411xe.s.obj
                0x080001ec                RTC_Alarm_IRQHandler
                0x080001ec                EXTI2_IRQHandler
                0x080001ec                DebugMon_Handler
                0x080001ec                SPI4_IRQHandler
                0x080001ec                TIM1_CC_IRQHandler
                0x080001ec                DMA2_Stream5_IRQHandler
                0x080001ec                HardFault_Handler
                0x080001ec                DMA1_Stream5_IRQHandler
                0x080001ec                SysTick_Handler
                0x080001ec                PVD_IRQHandler
                0x080001ec                SDIO_IRQHandler
                0x080001ec                TAMP_STAMP_IRQHandler
                0x080001ec                PendSV_Handler
                0x080001ec                NMI_Handler
                0x080001ec                EXTI3_IRQHandler
                0x080001ec                TIM1_UP_TIM10_IRQHandler
                0x080001ec                I2C3_ER_IRQHandler
                0x080001ec                EXTI0_IRQHandler
                0x080001ec                I2C2_EV_IRQHandler
                0x080001ec                DMA1_Stream2_IRQHandler
                0x080001ec                FPU_IRQHandler
                0x080001ec                UsageFault_Handler
                0x080001ec                DMA2_Stream2_IRQHandler
                0x080001ec                SPI1_IRQHandler
                0x080001ec                TIM1_BRK_TIM9_IRQHandler
                0x080001ec                DMA2_Stream3_IRQHandler
                0x080001ec                USART6_IRQHandler
                0x080001ec                DMA2_Stream0_IRQHandler
                0x080001ec                TIM4_IRQHandler
                0x080001ec                I2C1_EV_IRQHandler
                0x080001ec                DMA1_Stream6_IRQHandler
                0x080001ec                DMA1_Stream1_IRQHandler
                0x080001ec                TIM3_IRQHandler
                0x080001ec                RCC_IRQHandler
                0x080001ec                Default_Handler
                0x080001ec                EXTI15_10_IRQHandler
                0x080001ec                ADC_IRQHandler
                0x080001ec                DMA1_Stream7_IRQHandler
                0x080001ec                SPI5_IRQHandler
                0x080001ec                TIM5_IRQHandler
                0x080001ec                DMA2_Stream7_IRQHandler
                0x080001ec                I2C3_EV_IRQHandler
                0x080001ec                EXTI9_5_IRQHandler
                0x080001ec                RTC_WKUP_IRQHandler
                0x080001ec                SPI2_IRQHandler
                0x080001ec                MemManage_Handler
                0x080001ec                DMA1_Stream0_IRQHandler
                0x080001ec                SVC_Handler
                0x080001ec                EXTI4_IRQHandler
                0x080001ec                WWDG_IRQHandler
                0x080001ec                TIM2_IRQHandler
                0x080001ec                OTG_FS_WKUP_IRQHandler
                0x080001ec                TIM1_TRG_COM_TIM11_IRQHandler
                0x080001ec                EXTI1_IRQHandler
                0x080001ec                USART2_IRQHandler
                0x080001ec                I2C2_ER_IRQHandler
                0x080001ec                DMA2_Stream1_IRQHandler
                0x080001ec                FLASH_IRQHandler
                0x080001ec                DMA2_Stream4_IRQHandler
                0x080001ec                BusFault_Handler
                0x080001ec                USART1_IRQHandler
                0x080001ec                OTG_FS_IRQHandler
                0x080001ec                SPI3_IRQHandler
                0x080001ec                DMA1_Stream4_IRQHandler
                0x080001ec                I2C1_ER_IRQHandler
                0x080001ec                DMA2_Stream6_IRQHandler
                0x080001ec                DMA1_Stream3_IRQHandler
 *fill*         0x080001ee        0x2 
 .text.startup.main
                0x080001f0       0x1c main/libapp_main.a(main.cpp.obj)
                0x080001f0                main
 .text.SystemInit
                0x0800020c       0xc4 components/platform/libplatform.a(system_stm32f4xx.cpp.obj)
                0x0800020c                SystemInit
 .text.__libc_init_array
                0x080002d0        0x4 components/platform/libplatform.a(cxx_runtime.cpp.obj)
                0x080002d0                __libc_init_array
 .text._ZN11application12BlinkUseCase4initEv
                0x080002d4        0x8 components/application/libapplication.a(blink_use_case.cpp.obj)
                0x080002d4                application::BlinkUseCase::init()
 .text._ZN11application12BlinkUseCase7alt_runEv
                0x080002dc       0x34 components/application/libapplication.a(blink_use_case.cpp.obj)
                0x080002dc                application::BlinkUseCase::alt_run()
 .text._ZN19infrastructure_gpio8GPIO_LED4initEv
                0x08000310       0x2c components/infrastructure_gpio/libinfrastructure_gpio.a(gpio_led.cpp.obj)
                0x08000310                infrastructure_gpio::GPIO_LED::init()
 .text._ZN19infrastructure_gpio8GPIO_LED3setEv
                0x0800033c       0x10 components/infrastructure_gpio/libinfrastructure_gpio.a(gpio_led.cpp.obj)
                0x0800033c                infrastructure_gpio::GPIO_LED::set()
 .text._ZN19infrastructure_gpio8GPIO_LED5clearEv
                0x0800034c       0x10 components/infrastructure_gpio/libinfrastructure_gpio.a(gpio_led.cpp.obj)
                0x0800034c                infrastructure_gpio::GPIO_LED::clear()
 *(.rodata*)
                0x0800035c                        . = ALIGN (0x4)

.glue_7         0x0800035c        0x0
 .glue_7        0x0800035c        0x0 linker stubs

.glue_7t        0x0800035c        0x0
 .glue_7t       0x0800035c        0x0 linker stubs

.vfp11_veneer   0x0800035c        0x0
 .vfp11_veneer  0x0800035c        0x0 linker stubs

.v4_bx          0x0800035c        0x0
 .v4_bx         0x0800035c        0x0 linker stubs

.iplt           0x0800035c        0x0
 .iplt          0x0800035c        0x0 CMakeFiles/nucleo_f411_blink.elf.dir/startup/startup_stm32f411xe.s.obj

.rel.dyn        0x0800035c        0x0
 .rel.iplt      0x0800035c        0x0 CMakeFiles/nucleo_f411_blink.elf.dir/startup/startup_stm32f411xe.s.obj

.data           0x20000000        0x0 load address 0x0800035c
                0x20000000                        . = ALIGN (0x4)
                0x20000000                        _sdata = .
 *(.data*)
                0x20000000                        . = ALIGN (0x4)
                0x20000000                        _edata = .
                0x0800035c                        _sidata = LOADADDR (.data)

.igot.plt       0x20000000        0x0 load address 0x0800035c
 .igot.plt      0x20000000        0x0 CMakeFiles/nucleo_f411_blink.elf.dir/startup/startup_stm32f411xe.s.obj

.bss            0x20000000        0x0 load address 0x0800035c
                0x20000000                        . = ALIGN (0x4)
                0x20000000                        _sbss = .
 *(.bss*)
 *(COMMON)
                0x20000000                        . = ALIGN (0x4)
                0x20000000                        _ebss = .

/DISCARD/
 *(.eh_frame)
                0x20020000                        _estack = (ORIGIN (RAM) + LENGTH (RAM))
OUTPUT(nucleo_f411_blink.elf elf32-littlearm)
LOAD linker stubs

.ARM.attributes
                0x00000000       0x33
 .ARM.attributes
                0x00000000       0x25 CMakeFiles/nucleo_f411_blink.elf.dir/startup/startup_stm32f411xe.s.obj
 .ARM.attributes
                0x00000025       0x2e main/libapp_main.a(main.cpp.obj)
 .ARM.attributes
                0x00000053       0x2e components/platform/libplatform.a(system_stm32f4xx.cpp.obj)
 .ARM.attributes
                0x00000081       0x2e components/platform/libplatform.a(cxx_runtime.cpp.obj)
 .ARM.attributes
                0x000000af       0x2e components/application/libapplication.a(blink_use_case.cpp.obj)
 .ARM.attributes
                0x000000dd       0x2e components/infrastructure_gpio/libinfrastructure_gpio.a(gpio_led.cpp.obj)

.comment        0x00000000       0x55
 .comment       0x00000000       0x55 main/libapp_main.a(main.cpp.obj)
                                 0x56 (size before relaxing)
 .comment       0x00000055       0x56 components/platform/libplatform.a(system_stm32f4xx.cpp.obj)
 .comment       0x00000055       0x56 components/platform/libplatform.a(cxx_runtime.cpp.obj)
 .comment       0x00000055       0x56 components/application/libapplication.a(blink_use_case.cpp.obj)
 .comment       0x00000055       0x56 components/infrastructure_gpio/libinfrastructure_gpio.a(gpio_led.cpp.obj)

.debug_line     0x00000000      0xefd
 .debug_line    0x00000000       0x87 CMakeFiles/nucleo_f411_blink.elf.dir/startup/startup_stm32f411xe.s.obj
 .debug_line    0x00000087      0x2df main/libapp_main.a(main.cpp.obj)
 .debug_line    0x00000366      0x252 components/platform/libplatform.a(system_stm32f4xx.cpp.obj)
 .debug_line    0x000005b8      0x21e components/platform/libplatform.a(cxx_runtime.cpp.obj)
 .debug_line    0x000007d6      0x3f7 components/application/libapplication.a(blink_use_case.cpp.obj)
 .debug_line    0x00000bcd      0x330 components/infrastructure_gpio/libinfrastructure_gpio.a(gpio_led.cpp.obj)

.debug_line_str
                0x00000000       0x96
 .debug_line_str
                0x00000000       0x96 CMakeFiles/nucleo_f411_blink.elf.dir/startup/startup_stm32f411xe.s.obj

.debug_info     0x00000000     0x127b
 .debug_info    0x00000000      0x399 CMakeFiles/nucleo_f411_blink.elf.dir/startup/startup_stm32f411xe.s.obj
 .debug_info    0x00000399      0x383 main/libapp_main.a(main.cpp.obj)
 .debug_info    0x0000071c       0xd5 components/platform/libplatform.a(system_stm32f4xx.cpp.obj)
 .debug_info    0x000007f1      0x298 components/platform/libplatform.a(cxx_runtime.cpp.obj)
 .debug_info    0x00000a89      0x476 components/application/libapplication.a(blink_use_case.cpp.obj)
 .debug_info    0x00000eff      0x37c components/infrastructure_gpio/libinfrastructure_gpio.a(gpio_led.cpp.obj)

.debug_abbrev   0x00000000      0x814
 .debug_abbrev  0x00000000       0x26 CMakeFiles/nucleo_f411_blink.elf.dir/startup/startup_stm32f411xe.s.obj
 .debug_abbrev  0x00000026      0x1f9 main/libapp_main.a(main.cpp.obj)
 .debug_abbrev  0x0000021f       0x92 components/platform/libplatform.a(system_stm32f4xx.cpp.obj)
 .debug_abbrev  0x000002b1      0x1a6 components/platform/libplatform.a(cxx_runtime.cpp.obj)
 .debug_abbrev  0x00000457      0x229 components/application/libapplication.a(blink_use_case.cpp.obj)
 .debug_abbrev  0x00000680      0x194 components/infrastructure_gpio/libinfrastructure_gpio.a(gpio_led.cpp.obj)

.debug_aranges  0x00000000      0x140
 .debug_aranges
                0x00000000       0x28 CMakeFiles/nucleo_f411_blink.elf.dir/startup/startup_stm32f411xe.s.obj
 .debug_aranges
                0x00000028       0x20 main/libapp_main.a(main.cpp.obj)
 .debug_aranges
                0x00000048       0x20 components/platform/libplatform.a(system_stm32f4xx.cpp.obj)
 .debug_aranges
                0x00000068       0x68 components/platform/libplatform.a(cxx_runtime.cpp.obj)
 .debug_aranges
                0x000000d0       0x38 components/application/libapplication.a(blink_use_case.cpp.obj)
 .debug_aranges
                0x00000108       0x38 components/infrastructure_gpio/libinfrastructure_gpio.a(gpio_led.cpp.obj)

.debug_str      0x00000000      0xd88
 .debug_str     0x00000000      0x5bf CMakeFiles/nucleo_f411_blink.elf.dir/startup/startup_stm32f411xe.s.obj
 .debug_str     0x000005bf      0x48c main/libapp_main.a(main.cpp.obj)
                                0x516 (size before relaxing)
 .debug_str     0x00000a4b       0x97 components/platform/libplatform.a(system_stm32f4xx.cpp.obj)
                                0x20e (size before relaxing)
 .debug_str     0x00000ae2      0x134 components/platform/libplatform.a(cxx_runtime.cpp.obj)
                                0x23c (size before relaxing)
 .debug_str     0x00000c16       0xe9 components/application/libapplication.a(blink_use_case.cpp.obj)
                                0x56a (size before relaxing)
 .debug_str     0x00000cff       0x89 components/infrastructure_gpio/libinfrastructure_gpio.a(gpio_led.cpp.obj)
                                0x46b (size before relaxing)

.debug_rnglists
                0x00000000       0xeb
 .debug_rnglists
                0x00000000       0x19 CMakeFiles/nucleo_f411_blink.elf.dir/startup/startup_stm32f411xe.s.obj
 .debug_rnglists
                0x00000019       0x1f main/libapp_main.a(main.cpp.obj)
 .debug_rnglists
                0x00000038       0x14 components/platform/libplatform.a(system_stm32f4xx.cpp.obj)
 .debug_rnglists
                0x0000004c       0x55 components/platform/libplatform.a(cxx_runtime.cpp.obj)
 .debug_rnglists
                0x000000a1       0x25 components/application/libapplication.a(blink_use_case.cpp.obj)
 .debug_rnglists
                0x000000c6       0x25 components/infrastructure_gpio/libinfrastructure_gpio.a(gpio_led.cpp.obj)

.debug_loclists
                0x00000000      0x132
 .debug_loclists
                0x00000000       0x38 main/libapp_main.a(main.cpp.obj)
 .debug_loclists
                0x00000038       0x38 components/platform/libplatform.a(system_stm32f4xx.cpp.obj)
 .debug_loclists
                0x00000070       0x67 components/platform/libplatform.a(cxx_runtime.cpp.obj)
 .debug_loclists
                0x000000d7       0x5b components/application/libapplication.a(blink_use_case.cpp.obj)

.debug_frame    0x00000000      0x1b4
 .debug_frame   0x00000000       0x2c main/libapp_main.a(main.cpp.obj)
 .debug_frame   0x0000002c       0x20 components/platform/libplatform.a(system_stm32f4xx.cpp.obj)
 .debug_frame   0x0000004c       0xb0 components/platform/libplatform.a(cxx_runtime.cpp.obj)
 .debug_frame   0x000000fc       0x68 components/application/libapplication.a(blink_use_case.cpp.obj)
 .debug_frame   0x00000164       0x50 components/infrastructure_gpio/libinfrastructure_gpio.a(gpio_led.cpp.obj)
